TAP version 13
ok 1 - RomanianTest::testHolidaysEaster2015CatholicEasterFirstDay
ok 2 - RomanianTest::testHolidaysEaster2015CatholicEasterSecondDay
ok 3 - RomanianTest::testHolidaysEaster2015FirstDayOfYear
ok 4 - RomanianTest::testHolidaysEaster2015LastDayOfYear
ok 5 - RomanianTest::testHolidaysEaster2015OrthodoxEasterFirstDay
ok 6 - RomanianTest::testHolidaysEaster2015OrthodoxEasterSecondDay
ok 7 - RomanianTest::testHolidaysFixedButWorkingIncluded
ok 8 - RomanianTest::testHolidaysFixedNewIn2017
ok 9 - RomanianTest::testHolidaysInMonthForMonthWithCatholicEaster
ok 10 - RomanianTest::testHolidaysInMonthForMonthWithoutCatholicEaster
ok 11 - RomanianTest::testWorkingDaysInMonthForMonthOf19Days
ok 12 - RomanianTest::testWorkingDaysInMonthForMonthOf20Days
ok 13 - RomanianTest::testWorkingDaysInMonthForMonthOf20DaysWithCatholicEaster
ok 14 - RomanianTest::testWorkingDaysInMonthForMonthOf21Days
ok 15 - RomanianTest::testWorkingDaysInMonthForMonthOf22Days
ok 16 - RomanianTest::testWorkingDaysInMonthForMonthOf23Days
1..16
