TAP version 13
ok 1 - danielgp\bank_holidays\RomanianTest::testHolidaysEaster2015CatholicEasterFirstDay
ok 2 - danielgp\bank_holidays\RomanianTest::testHolidaysEaster2015CatholicEasterSecondDay
ok 3 - danielgp\bank_holidays\RomanianTest::testHolidaysEaster2015FirstDayOfYear
ok 4 - danielgp\bank_holidays\RomanianTest::testHolidaysEaster2015LastDayOfYear
ok 5 - danielgp\bank_holidays\RomanianTest::testHolidaysEaster2015OrthodoxEasterFirstDay
ok 6 - danielgp\bank_holidays\RomanianTest::testHolidaysEaster2015OrthodoxEasterSecondDay
ok 7 - danielgp\bank_holidays\RomanianTest::testHolidaysFixedButWorkingIncluded
ok 8 - danielgp\bank_holidays\RomanianTest::testHolidaysFixedNewIn2017
ok 9 - danielgp\bank_holidays\RomanianTest::testHolidaysInMonthForMonthWithCatholicEaster
ok 10 - danielgp\bank_holidays\RomanianTest::testHolidaysInMonthForMonthWithoutCatholicEaster
ok 11 - danielgp\bank_holidays\RomanianTest::testWorkingDaysInMonthForMonthOf19Days
ok 12 - danielgp\bank_holidays\RomanianTest::testWorkingDaysInMonthForMonthOf20Days
ok 13 - danielgp\bank_holidays\RomanianTest::testWorkingDaysInMonthForMonthOf20DaysWithCatholicEaster
ok 14 - danielgp\bank_holidays\RomanianTest::testWorkingDaysInMonthForMonthOf21Days
ok 15 - danielgp\bank_holidays\RomanianTest::testWorkingDaysInMonthForMonthOf22Days
ok 16 - danielgp\bank_holidays\RomanianTest::testWorkingDaysInMonthForMonthOf23Days
1..16
